Toto je testovací zápis do souboru.
Druhý řádek textu.